// Vitest Snapshot v1, https://vitest.dev/guide/snapshot.html

exports[`TaskEdit Tests > matches snapshot 1`] = `
<DocumentFragment>
  <form
    class="TaskEdit"
  >
    <div>
      <input
        id="edit"
        name="edit"
        type="text"
        value="Learn Svelte"
      />
    </div>
    <button
      type="submit"
    >
      Save
    </button>
  </form>
</DocumentFragment>
`;
