// Vitest Snapshot v1, https://vitest.dev/guide/snapshot.html

exports[`Todo Tests > matches snapshot 1`] = `
<DocumentFragment>
  <li
    class="Todo"
  >
    <div>
      Learn React
    </div>
    <div>
      <button>
        Edit
      </button>
    </div>
    <div>
      <button>
        X
      </button>
    </div>
  </li>
</DocumentFragment>
`;
