// Vitest Snapshot v1, https://vitest.dev/guide/snapshot.html

exports[`Todo Tests > matches snapshot 1`] = `
<DocumentFragment>
  <li
    class="Todo"
  >
    <div
      class="Task"
    >
      <input
        id="toggle-1"
        type="checkbox"
      />
      <label
        class=""
        for="toggle-1"
      >
        Learn React
      </label>
    </div>
    <div>
      <button>
        Edit
      </button>
    </div>
    <div>
      <button>
        X
      </button>
    </div>
  </li>
</DocumentFragment>
`;
